// Jest Snapshot v1, https://goo.gl/fbAQLP

exports[`AccountPermissions 1`] = `
<div
  style={
    Object {
      "margin": "2em 0",
    }
  }
>
  <h2
    className="ui header"
  >
    <i
      aria-hidden="true"
      className="settings icon"
      onClick={[Function]}
    />
    User Permissions
  </h2>
  <table
    className="ui celled definition compact table"
  >
    <thead
      className=""
    >
      <tr
        className=""
      >
        <th
          className=""
        />
        <th
          className=""
        >
          Name
        </th>
        <th
          className=""
        >
          Email
        </th>
        <th
          className=""
        >
          Joined
        </th>
        <th
          className=""
        >
          Updated
        </th>
        <th
          className=""
        >
          Role
        </th>
      </tr>
    </thead>
    <tbody
      className=""
      data-testid="user-permission"
    >
      <tr
        className=""
      >
        <td
          className="collapsing"
        >
          <div
            className="ui fitted toggle checkbox"
            onChange={[Function]}
            onClick={[Function]}
            onMouseDown={[Function]}
            onMouseUp={[Function]}
          >
            <input
              checked={false}
              className="hidden"
              readOnly={true}
              tabIndex={0}
              type="checkbox"
            />
            <label />
          </div>
        </td>
        <td
          className=""
        >
          test
        </td>
        <td
          className=""
        >
          test@gmail.com
        </td>
        <td
          className=""
        >
          2020-9-22
        </td>
        <td
          className=""
        >
          2020-9-22
        </td>
        <td
          className=""
        >
          user
        </td>
      </tr>
      <tr
        className=""
      >
        <td
          className="collapsing"
        >
          <div
            className="ui checked fitted toggle checkbox"
            onChange={[Function]}
            onClick={[Function]}
            onMouseDown={[Function]}
            onMouseUp={[Function]}
          >
            <input
              checked={true}
              className="hidden"
              readOnly={true}
              tabIndex={0}
              type="checkbox"
            />
            <label />
          </div>
        </td>
        <td
          className=""
        >
          test2
        </td>
        <td
          className=""
        >
          test2@gmail.com
        </td>
        <td
          className=""
        >
          2020-9-22
        </td>
        <td
          className=""
        >
          2020-9-22
        </td>
        <td
          className=""
        >
          admin
        </td>
      </tr>
      <tr
        className=""
      >
        <td
          className="collapsing"
        >
          <div
            className="ui fitted toggle checkbox"
            onChange={[Function]}
            onClick={[Function]}
            onMouseDown={[Function]}
            onMouseUp={[Function]}
          >
            <input
              checked={false}
              className="hidden"
              readOnly={true}
              tabIndex={0}
              type="checkbox"
            />
            <label />
          </div>
        </td>
        <td
          className=""
        >
          test
        </td>
        <td
          className=""
        >
          test@gmail.com
        </td>
        <td
          className=""
        >
          2020-9-22
        </td>
        <td
          className=""
        >
          2020-9-22
        </td>
        <td
          className=""
        >
          user
        </td>
      </tr>
    </tbody>
  </table>
</div>
`;
