// Jest Snapshot v1, https://goo.gl/fbAQLP

exports[`ProductSummary 1`] = `
<div
  className="ui items"
>
  <div
    className="item"
  >
    <div
      className="ui medium image"
    >
      <img
        src="https://res-5.cloudinary.com/dwpujv6in/image/upload/c_pad,dpr_2.0,f_auto,h_930,q_auto,w_930/v1/media/catalog/product/f/d/fd1_lngchr_bh_frontlow-field-lounge-chair-tait-blush.jpg"
      />
    </div>
    <div
      className="content"
    >
      <div
        className="header"
      >
        Bernie Gledhill
      </div>
      <div
        className="description"
      >
        <p>
          $
          1399.02
        </p>
        <div
          className="ui label"
          onClick={[Function]}
        >
          SKU: 
          594-54-9502
        </div>
      </div>
      <div
        className="extra"
      >
        <div
          className="ui action input"
        >
          <input
            min="1"
            onChange={[Function]}
            placeholder="Quantity"
            type="number"
            value={1}
          />
          <button
            className="ui orange button"
            onClick={[Function]}
          >
            <i
              aria-hidden="true"
              className="plus cart icon"
              onClick={[Function]}
            />
            Add to Cart
          </button>
        </div>
      </div>
    </div>
  </div>
</div>
`;
